  Camera.cpp
  d3dApp.cpp
  d3dUtil.cpp
  DDSTextureLoader.cpp
  GameTimer.cpp
  GeometryGenerator.cpp
  MathHelper.cpp
  FrameResource.cpp
  Gbuffer.cpp
  ShadowMap.cpp
  DX12App.cpp
C:\Users\Maxim\Documents\GitHub\CGLAB_SEM5\RT_LAB\DX12App\DX12App.cpp(1974,36): warning C4267: =: преобразование из "size_t" в "int"; возможна потеря данных
C:\Users\Maxim\Documents\GitHub\CGLAB_SEM5\RT_LAB\DX12App\DX12App.cpp(1978,67): warning C4267: аргумент: преобразование из "size_t" в "INT"; возможна потеря данных
C:\Users\Maxim\Documents\GitHub\CGLAB_SEM5\RT_LAB\DX12App\DX12App.cpp(1979,67): warning C4267: аргумент: преобразование из "size_t" в "INT"; возможна потеря данных
C:\Users\Maxim\Documents\GitHub\CGLAB_SEM5\RT_LAB\DX12App\DX12App.cpp(1980,49): warning C4267: аргумент: преобразование из "size_t" в "INT"; возможна потеря данных
C:\Program Files\Microsoft Visual Studio\18\Community\VC\Tools\MSVC\14.50.35717\include\xutility(4924,18): warning C4244: =: преобразование "const wchar_t" в "char", возможна потеря данных
  (компиляция исходного файла "DX12App.cpp")
      C:\Program Files\Microsoft Visual Studio\18\Community\VC\Tools\MSVC\14.50.35717\include\xutility(4924,18):
      контекст создания экземпляра шаблона (сначала самый старый)
          C:\Users\Maxim\Documents\GitHub\CGLAB_SEM5\RT_LAB\DX12App\DX12App.cpp(558,48):
          выполняется компиляция ссылки на экземпляр шаблон функции "std::basic_string<char,std::char_traits<char>,std::allocator<char>>::basic_string<std::_String_const_iterator<std::_String_val<std::_Simple_types<_Elem>>>,0>(_Iter,_Iter,const _Alloc &)"
          with
          [
              _Elem=wchar_t,
              _Iter=std::_String_const_iterator<std::_String_val<std::_Simple_types<wchar_t>>>,
              _Alloc=std::allocator<char>
          ]
              C:\Users\Maxim\Documents\GitHub\CGLAB_SEM5\RT_LAB\DX12App\DX12App.cpp(558,22):
              см. первую ссылку на "std::basic_string<char,std::char_traits<char>,std::allocator<char>>::basic_string" в "DX12App::DXCCompileShader"
          C:\Program Files\Microsoft Visual Studio\18\Community\VC\Tools\MSVC\14.50.35717\include\xstring(862,17):
          выполняется компиляция ссылки на экземпляр шаблон функции "void std::basic_string<char,std::char_traits<char>,std::allocator<char>>::_Construct_from_iter<const wchar_t*,const wchar_t*,_Size_type>(_Iter,const _Sent,_Size)"
          with
          [
              _Size_type=unsigned __int64,
              _Iter=const wchar_t *,
              _Sent=const wchar_t *,
              _Size=unsigned __int64
          ]
          C:\Program Files\Microsoft Visual Studio\18\Community\VC\Tools\MSVC\14.50.35717\include\xstring(1018,18):
          выполняется компиляция ссылки на экземпляр шаблон функции "_OutIt *std::_Copy_n_unchecked4<const wchar_t*,_Size,char*>(_InIt,_SizeTy,_OutIt)"
          with
          [
              _OutIt=char *,
              _Size=unsigned __int64,
              _InIt=const wchar_t *,
              _SizeTy=unsigned __int64
          ]
  
  Создание кода...
  DX12App.vcxproj -> C:\Users\Maxim\Documents\GitHub\CGLAB_SEM5\RT_LAB\DX12App\x64\Debug\DX12App.exe
