c:\users\maxim\documents\github\sem5\rt\src\dx12app\dx12app\x64\debug\vc145.pdb
c:\users\maxim\documents\github\sem5\rt\src\dx12app\dx12app\x64\debug\vc145.idb
c:\users\maxim\documents\github\sem5\rt\src\dx12app\dx12app\x64\debug\dx12app.obj
c:\users\maxim\documents\github\sem5\rt\src\dx12app\dx12app\x64\debug\shadowmap.obj
c:\users\maxim\documents\github\sem5\rt\src\dx12app\dx12app\x64\debug\gbuffer.obj
c:\users\maxim\documents\github\sem5\rt\src\dx12app\dx12app\x64\debug\frameresource.obj
c:\users\maxim\documents\github\sem5\rt\src\dx12app\dx12app\x64\debug\mathhelper.obj
c:\users\maxim\documents\github\sem5\rt\src\dx12app\dx12app\x64\debug\geometrygenerator.obj
c:\users\maxim\documents\github\sem5\rt\src\dx12app\dx12app\x64\debug\gametimer.obj
c:\users\maxim\documents\github\sem5\rt\src\dx12app\dx12app\x64\debug\ddstextureloader.obj
c:\users\maxim\documents\github\sem5\rt\src\dx12app\dx12app\x64\debug\d3dutil.obj
c:\users\maxim\documents\github\sem5\rt\src\dx12app\dx12app\x64\debug\d3dapp.obj
c:\users\maxim\documents\github\sem5\rt\src\dx12app\dx12app\x64\debug\camera.obj
c:\users\maxim\documents\github\sem5\rt\src\dx12app\x64\debug\dx12app.exe
c:\users\maxim\documents\github\sem5\rt\src\dx12app\x64\debug\dx12app.pdb
c:\users\maxim\documents\github\sem5\rt\src\dx12app\dx12app\x64\debug\dx12app.ilk
c:\users\maxim\documents\github\sem5\rt\src\dx12app\dx12app\x64\debug\dx12app.tlog\cl.command.1.tlog
c:\users\maxim\documents\github\sem5\rt\src\dx12app\dx12app\x64\debug\dx12app.tlog\cl.items.tlog
c:\users\maxim\documents\github\sem5\rt\src\dx12app\dx12app\x64\debug\dx12app.tlog\cl.read.1.tlog
c:\users\maxim\documents\github\sem5\rt\src\dx12app\dx12app\x64\debug\dx12app.tlog\cl.write.1.tlog
c:\users\maxim\documents\github\sem5\rt\src\dx12app\dx12app\x64\debug\dx12app.tlog\link.command.1.tlog
c:\users\maxim\documents\github\sem5\rt\src\dx12app\dx12app\x64\debug\dx12app.tlog\link.read.1.tlog
c:\users\maxim\documents\github\sem5\rt\src\dx12app\dx12app\x64\debug\dx12app.tlog\link.secondary.1.tlog
c:\users\maxim\documents\github\sem5\rt\src\dx12app\dx12app\x64\debug\dx12app.tlog\link.write.1.tlog
