c:\users\maxim\documents\github\cglab_sem5\microsoft directx-graphics-samples master samples-desktop_d3d12meshshaders\src\meshletrender\obj\x64\debug\d3d12meshletrender.pch
c:\users\maxim\documents\github\cglab_sem5\microsoft directx-graphics-samples master samples-desktop_d3d12meshshaders\src\meshletrender\obj\x64\debug\vc143.pdb
c:\users\maxim\documents\github\cglab_sem5\microsoft directx-graphics-samples master samples-desktop_d3d12meshshaders\src\meshletrender\obj\x64\debug\vc143.idb
c:\users\maxim\documents\github\cglab_sem5\microsoft directx-graphics-samples master samples-desktop_d3d12meshshaders\src\meshletrender\obj\x64\debug\stdafx.obj
c:\users\maxim\documents\github\cglab_sem5\microsoft directx-graphics-samples master samples-desktop_d3d12meshshaders\src\meshletrender\obj\x64\debug\win32application.obj
c:\users\maxim\documents\github\cglab_sem5\microsoft directx-graphics-samples master samples-desktop_d3d12meshshaders\src\meshletrender\obj\x64\debug\simplecamera.obj
c:\users\maxim\documents\github\cglab_sem5\microsoft directx-graphics-samples master samples-desktop_d3d12meshshaders\src\meshletrender\obj\x64\debug\model.obj
c:\users\maxim\documents\github\cglab_sem5\microsoft directx-graphics-samples master samples-desktop_d3d12meshshaders\src\meshletrender\obj\x64\debug\main.obj
c:\users\maxim\documents\github\cglab_sem5\microsoft directx-graphics-samples master samples-desktop_d3d12meshshaders\src\meshletrender\obj\x64\debug\dxsample.obj
c:\users\maxim\documents\github\cglab_sem5\microsoft directx-graphics-samples master samples-desktop_d3d12meshshaders\src\meshletrender\obj\x64\debug\d3d12meshletrender.obj
c:\users\maxim\documents\microsoft directx-graphics-samples master samples-desktop_d3d12meshshaders\src\meshletrender\bin\x64\debug\meshletms.cso
c:\users\maxim\documents\microsoft directx-graphics-samples master samples-desktop_d3d12meshshaders\src\meshletrender\bin\x64\debug\meshletms.pdb
c:\users\maxim\documents\microsoft directx-graphics-samples master samples-desktop_d3d12meshshaders\src\meshletrender\bin\x64\debug\meshletps.cso
c:\users\maxim\documents\microsoft directx-graphics-samples master samples-desktop_d3d12meshshaders\src\meshletrender\bin\x64\debug\meshletps.pdb
c:\users\maxim\documents\github\cglab_sem5\microsoft directx-graphics-samples master samples-desktop_d3d12meshshaders\src\meshletrender\bin\x64\debug\meshletms.cso
c:\users\maxim\documents\github\cglab_sem5\microsoft directx-graphics-samples master samples-desktop_d3d12meshshaders\src\meshletrender\bin\x64\debug\meshletms.pdb
c:\users\maxim\documents\github\cglab_sem5\microsoft directx-graphics-samples master samples-desktop_d3d12meshshaders\src\meshletrender\bin\x64\debug\meshletps.cso
c:\users\maxim\documents\github\cglab_sem5\microsoft directx-graphics-samples master samples-desktop_d3d12meshshaders\src\meshletrender\bin\x64\debug\meshletps.pdb
c:\users\maxim\documents\github\cglab_sem5\microsoft directx-graphics-samples master samples-desktop_d3d12meshshaders\src\meshletrender\bin\x64\debug\d3d12meshletrender.exe
c:\users\maxim\documents\github\cglab_sem5\microsoft directx-graphics-samples master samples-desktop_d3d12meshshaders\src\meshletrender\bin\x64\debug\d3d12meshletrender.pdb
c:\users\maxim\documents\github\cglab_sem5\microsoft directx-graphics-samples master samples-desktop_d3d12meshshaders\src\meshletrender\bin\x64\debug\d3d12meshletrender.lib
c:\users\maxim\documents\github\cglab_sem5\microsoft directx-graphics-samples master samples-desktop_d3d12meshshaders\src\meshletrender\bin\x64\debug\d3d12meshletrender.exp
c:\users\maxim\documents\github\cglab_sem5\microsoft directx-graphics-samples master samples-desktop_d3d12meshshaders\src\meshletrender\obj\x64\debug\d3d12meshletrender.ilk
c:\users\maxim\documents\github\cglab_sem5\microsoft directx-graphics-samples master samples-desktop_d3d12meshshaders\src\meshletrender\obj\x64\debug\d3d12mes.decd10d0.tlog\cl.command.1.tlog
c:\users\maxim\documents\github\cglab_sem5\microsoft directx-graphics-samples master samples-desktop_d3d12meshshaders\src\meshletrender\obj\x64\debug\d3d12mes.decd10d0.tlog\cl.items.tlog
c:\users\maxim\documents\github\cglab_sem5\microsoft directx-graphics-samples master samples-desktop_d3d12meshshaders\src\meshletrender\obj\x64\debug\d3d12mes.decd10d0.tlog\cl.read.1.tlog
c:\users\maxim\documents\github\cglab_sem5\microsoft directx-graphics-samples master samples-desktop_d3d12meshshaders\src\meshletrender\obj\x64\debug\d3d12mes.decd10d0.tlog\cl.write.1.tlog
c:\users\maxim\documents\github\cglab_sem5\microsoft directx-graphics-samples master samples-desktop_d3d12meshshaders\src\meshletrender\obj\x64\debug\d3d12mes.decd10d0.tlog\dxc.command.1.tlog
c:\users\maxim\documents\github\cglab_sem5\microsoft directx-graphics-samples master samples-desktop_d3d12meshshaders\src\meshletrender\obj\x64\debug\d3d12mes.decd10d0.tlog\dxc.read.1.tlog
c:\users\maxim\documents\github\cglab_sem5\microsoft directx-graphics-samples master samples-desktop_d3d12meshshaders\src\meshletrender\obj\x64\debug\d3d12mes.decd10d0.tlog\dxc.write.1.tlog
c:\users\maxim\documents\github\cglab_sem5\microsoft directx-graphics-samples master samples-desktop_d3d12meshshaders\src\meshletrender\obj\x64\debug\d3d12mes.decd10d0.tlog\link.command.1.tlog
c:\users\maxim\documents\github\cglab_sem5\microsoft directx-graphics-samples master samples-desktop_d3d12meshshaders\src\meshletrender\obj\x64\debug\d3d12mes.decd10d0.tlog\link.read.1.tlog
c:\users\maxim\documents\github\cglab_sem5\microsoft directx-graphics-samples master samples-desktop_d3d12meshshaders\src\meshletrender\obj\x64\debug\d3d12mes.decd10d0.tlog\link.secondary.1.tlog
c:\users\maxim\documents\github\cglab_sem5\microsoft directx-graphics-samples master samples-desktop_d3d12meshshaders\src\meshletrender\obj\x64\debug\d3d12mes.decd10d0.tlog\link.write.1.tlog
